
[1m[30m[46m RUN [49m[39m[22m [36mv4.1.9 [39m[90mc:/Users/PC/Downloads/FrontendInter-Components/PrintSync/frontend[39m


[31m⎯⎯⎯⎯⎯⎯[39m[1m[41m Failed Suites 1 [49m[22m[31m⎯⎯⎯⎯⎯⎯⎯[39m

[41m[1m FAIL [22m[49m src/__tests__/components/AppHeader.test.jsx[2m [ src/__tests__/components/AppHeader.test.jsx ][22m
[31m[1mTypeError[22m: Cannot read properties of undefined (reading 'config')[39m
[90m [2m❯[22m src/__tests__/components/AppHeader.test.jsx:[2m6:1[22m[39m

[31m[2m⎯⎯⎯⎯⎯⎯⎯⎯⎯⎯⎯⎯⎯⎯⎯⎯⎯⎯⎯⎯⎯⎯⎯⎯[1/1]⎯[22m[39m


[2m Test Files [22m [1m[31m1 failed[39m[22m[90m (1)[39m
[2m      Tests [22m [2mno tests[22m
[2m   Start at [22m 12:46:14
[2m   Duration [22m 5.32s[2m (transform 142ms, setup 471ms, import 0ms, tests 0ms, environment 3.41s)[22m

